// Vitest Snapshot v1, https://vitest.dev/guide/snapshot.html

exports[`Header > renders Header 1`] = `
<DocumentFragment>
  <header
    class="z-[100] opacity-95 flex justify-center bg-neutral-900  py-4 px-3 text-neutral-300 sticky top-0 text-sm "
  >
    <div
      class="max-w-screen-lg flex flex-1 gap-3 items-center justify-between"
    >
      <nav
        class="flex-1 animate-open hidden md:block font-semibold"
      >
        <ul
          class="flex gap-7"
        >
          <li
            class="hover:text-neutral-50 tracking-wide"
          >
             
            <a
              aria-current="page"
              class="active"
              href="/"
            >
               HOME 
            </a>
             
          </li>
          <li
            class="hover:text-neutral-50 tracking-wide"
          >
            <a
              class=""
              href="/games/rpg"
            >
               RPG 
            </a>
          </li>
          <li
            class="hover:text-neutral-50 tracking-wide"
          >
            <a
              class=""
              href="/games/strategy"
            >
               STRATEGY 
            </a>
          </li>
          <li
            class="hover:text-neutral-50 tracking-wide"
          >
            <a
              class=""
              href="/games/shooters"
            >
               SHOOTERS 
            </a>
          </li>
          <li
            class="hover:text-neutral-50 tracking-wide"
          >
            <a
              class=""
              href="/games/action"
            >
               ACTION 
            </a>
          </li>
        </ul>
      </nav>
      <div
        class="flex gap-5 relative flex-1 justify-end"
      >
        <button
          aria-label="cart"
          class="flex items-center hover:text-neutral-50"
        >
          <svg
            role="presentation"
            style="width: 1.5rem; height: 1.5rem;"
            viewBox="0 0 24 24"
          >
            <path
              d="M17,18A2,2 0 0,1 19,20A2,2 0 0,1 17,22C15.89,22 15,21.1 15,20C15,18.89 15.89,18 17,18M1,2H4.27L5.21,4H20A1,1 0 0,1 21,5C21,5.17 20.95,5.34 20.88,5.5L17.3,11.97C16.96,12.58 16.3,13 15.55,13H8.1L7.2,14.63L7.17,14.75A0.25,0.25 0 0,0 7.42,15H19V17H7C5.89,17 5,16.1 5,15C5,14.65 5.09,14.32 5.24,14.04L6.6,11.59L3,4H1V2M7,18A2,2 0 0,1 9,20A2,2 0 0,1 7,22C5.89,22 5,21.1 5,20C5,18.89 5.89,18 7,18M16,11L18.78,6H6.14L8.5,11H16Z"
              style="fill: currentColor;"
            />
          </svg>
           0
        </button>
        <button
          aria-label="open-search"
          class="hover:text-neutral-50"
        >
          <svg
            role="presentation"
            style="width: 1.5rem; height: 1.5rem;"
            viewBox="0 0 24 24"
          >
            <path
              d="M9.5,3A6.5,6.5 0 0,1 16,9.5C16,11.11 15.41,12.59 14.44,13.73L14.71,14H15.5L20.5,19L19,20.5L14,15.5V14.71L13.73,14.44C12.59,15.41 11.11,16 9.5,16A6.5,6.5 0 0,1 3,9.5A6.5,6.5 0 0,1 9.5,3M9.5,5C7,5 5,7 5,9.5C5,12 7,14 9.5,14C12,14 14,12 14,9.5C14,7 12,5 9.5,5Z"
              style="fill: currentColor;"
            />
          </svg>
        </button>
        <button
          aria-label="open-menu"
          class="block md:hidden"
        >
          <svg
            role="presentation"
            style="width: 1.5rem; height: 1.5rem;"
            viewBox="0 0 24 24"
          >
            <path
              d="M3,6H21V8H3V6M3,11H21V13H3V11M3,16H21V18H3V16Z"
              style="fill: currentColor;"
            />
          </svg>
        </button>
      </div>
    </div>
  </header>
  <main
    class="md:flex md:flex-col md:items-center overflow-x-hidden"
  />
  <footer
    class="bg-neutral-900 py-3 text-white text-center mt-3"
  >
    By elk15 - 2023
  </footer>
</DocumentFragment>
`;
